Microchip MPLAB XC8 Compiler V1.37 ()

Linker command line:

--edf=C:\Program Files (x86)\Microchip\xc8\v1.37\dat\en_msgs.txt -cs \
  -h+dist/default/production\SWC_10A.X.production.sym \
  --cmf=dist/default/production\SWC_10A.X.production.cmf -z -Q12F1840 \
  -oC:\Users\luke\AppData\Local\Temp\shf8.2 \
  -Mdist/default/production/SWC_10A.X.production.map -E1 -ver=XC8 \
  -ASTACK=02049h-020efh -pstack=STACK -ACODE=00h-07FFhx2 \
  -ASTRCODE=00h-0FFFh -ASTRING=00h-0FFhx16 -ACONST=00h-0FFhx16 \
  -AENTRY=00h-0FFhx16 -ACOMMON=070h-07Fh -ABANK0=020h-06Fh \
  -ABANK1=0A0h-0EFh -ABANK2=0120h-016Fh -ABIGRAM=02000h-020EFh \
  -ARAM=020h-06Fh,0A0h-0EFh,0120h-016Fh \
  -AABS1=020h-07Fh,0A0h-0EFh,0120h-016Fh -ASFR0=00h-01Fh -ASFR1=080h-09Fh \
  -ASFR2=0100h-011Fh -ASFR3=0180h-01EFh -ASFR4=0200h-026Fh \
  -ASFR5=0280h-02EFh -ASFR6=0300h-036Fh -ASFR7=0380h-03EFh \
  -ASFR8=0400h-046Fh -ASFR9=0480h-04EFh -ASFR10=0500h-056Fh \
  -ASFR11=0580h-05EFh -ASFR12=0600h-066Fh -ASFR13=0680h-06EFh \
  -ASFR14=0700h-076Fh -ASFR15=0780h-07EFh -ASFR16=0800h-086Fh \
  -ASFR17=0880h-08EFh -ASFR18=0900h-096Fh -ASFR19=0980h-09EFh \
  -ASFR20=0A00h-0A6Fh -ASFR21=0A80h-0AEFh -ASFR22=0B00h-0B6Fh \
  -ASFR23=0B80h-0BEFh -ASFR24=0C00h-0C6Fh -ASFR25=0C80h-0CEFh \
  -ASFR26=0D00h-0D6Fh -ASFR27=0D80h-0DEFh -ASFR28=0E00h-0E6Fh \
  -ASFR29=0E80h-0EEFh -ASFR30=0F00h-0F6Fh -ASFR31=0F80h-0FEFh \
  -preset_vec=00h,intentry=04h,init,end_init -ppowerup=CODE -pcinit=CODE \
  -pfunctab=CODE -ACONFIG=08007h-08008h -pconfig=CONFIG -DCONFIG=2 \
  -AIDLOC=08000h-08003h -pidloc=IDLOC -DIDLOC=2 -AEEDATA=00h-0FFh/0F000h \
  -peeprom_data=EEDATA -DEEDATA=2 -DCODE=2 -DSTRCODE=2 -DSTRING=2 -DCONST=2 \
  -DENTRY=2 -k C:\Users\luke\AppData\Local\Temp\shf8.obj \
  dist/default/production\SWC_10A.X.production.obj 

Object code version is 3.11

Machine type is 12F1840



                Name                               Link     Load   Length Selector   Space Scale
C:\Users\luke\AppData\Local\Temp\shf8.obj
                end_init                             33       33        2        8       0
                reset_vec                             0        0        2        0       0
                config                             8007     8007        2    1000E       0
dist/default/production\SWC_10A.X.production.obj
                cinit                                35       35        C        8       0
                intentry                              4        4       2F        8       0
                text12                              614      614        2      6C4       0
                text11                              3E9      3E9       67      6C4       0
                text10                              450      450       64      6C4       0
                text9                               593      593       3D      6C4       0
                text8                               227      227       B4        8       0
                text7                               362      362       87      6C4       0
                text6                               4B4      4B4       53      6C4       0
                text5                               550      550       43      6C4       0
                text4                               606      606        8      6C4       0
                text3                                41       41      113        8       0
                text2                               5D0      5D0       36      6C4       0
                text1                               154      154       D3        8       0
                maintext                            507      507       49      6C4       0
                cstackBANK0                          20       20       37       20       1
                cstackCOMMON                         70       70        B       70       1
                clrtext                             60E      60E        6      6C4       0
                bssBANK0                             57       57       12       20       1
                bssCOMMON                            7B       7B        1       70       1
                stringtext                          2DB      2DB       87      5B6       0

TOTAL           Name                               Link     Load   Length     Space
        CLASS   STACK          

        CLASS   CODE           
                end_init                             33       33        2         0
                cinit                                35       35        C         0
                intentry                              4        4       2F         0
                reset_vec                             0        0        2         0
                text12                              614      614        2         0
                text11                              3E9      3E9       67         0
                text10                              450      450       64         0
                text9                               593      593       3D         0
                text8                               227      227       B4         0
                text7                               362      362       87         0
                text6                               4B4      4B4       53         0
                text5                               550      550       43         0
                text4                               606      606        8         0
                text3                                41       41      113         0
                text2                               5D0      5D0       36         0
                text1                               154      154       D3         0
                maintext                            507      507       49         0
                clrtext                             60E      60E        6         0

        CLASS   STRCODE        
                stringtext                          2DB      2DB       87         0

        CLASS   STRING         

        CLASS   CONST          

        CLASS   ENTRY          

        CLASS   COMMON         
                cstackCOMMON                         70       70        B         1
                bssCOMMON                            7B       7B        1         1

        CLASS   BANK0          
                cstackBANK0                          20       20       37         1
                bssBANK0                             57       57       12         1

        CLASS   BANK1          

        CLASS   BANK2          

        CLASS   BIGRAM         

        CLASS   RAM            

        CLASS   ABS1           
                abs_s1                               7E       7E        2         1

        CLASS   SFR0           

        CLASS   SFR1           

        CLASS   SFR2           

        CLASS   SFR3           

        CLASS   SFR4           

        CLASS   SFR5           

        CLASS   SFR6           

        CLASS   SFR7           

        CLASS   SFR8           

        CLASS   SFR9           

        CLASS   SFR10          

        CLASS   SFR11          

        CLASS   SFR12          

        CLASS   SFR13          

        CLASS   SFR14          

        CLASS   SFR15          

        CLASS   SFR16          

        CLASS   SFR17          

        CLASS   SFR18          

        CLASS   SFR19          

        CLASS   SFR20          

        CLASS   SFR21          

        CLASS   SFR22          

        CLASS   SFR23          

        CLASS   SFR24          

        CLASS   SFR25          

        CLASS   SFR26          

        CLASS   SFR27          

        CLASS   SFR28          

        CLASS   SFR29          

        CLASS   SFR30          

        CLASS   SFR31          

        CLASS   CONFIG         
                config                             8007     8007        2         0

        CLASS   IDLOC          

        CLASS   EEDATA         

        CLASS   BANK31         

        CLASS   BANK30         

        CLASS   BANK29         

        CLASS   BANK28         

        CLASS   BANK27         

        CLASS   BANK26         

        CLASS   BANK25         

        CLASS   BANK24         

        CLASS   BANK23         

        CLASS   BANK22         

        CLASS   BANK21         

        CLASS   BANK20         

        CLASS   BANK19         

        CLASS   BANK18         

        CLASS   BANK17         

        CLASS   BANK16         

        CLASS   BANK15         

        CLASS   BANK14         

        CLASS   BANK13         

        CLASS   BANK12         

        CLASS   BANK11         

        CLASS   BANK10         

        CLASS   BANK9          

        CLASS   BANK8          

        CLASS   BANK7          

        CLASS   BANK6          

        CLASS   BANK5          

        CLASS   BANK4          

        CLASS   BANK3          



SEGMENTS        Name                           Load    Length   Top    Selector   Space  Class     Delta

                reset_vec                      000000  000002  000002         0       0  CODE        2
                intentry                       000004  0002D7  0002DB         8       0  CODE        2
                cstackBANK0                    000020  000049  000069        20       1  BANK0       1
                cstackCOMMON                   000070  00000C  00007C        70       1  COMMON      1
                stringtext                     0002DB  000087  000362       5B6       0  STRCODE     2
                text7                          000362  0002B4  000616       6C4       0  CODE        2
                config                         008007  000002  008009     1000E       0  CONFIG      2


UNUSED ADDRESS RANGES

        Name                Unused          Largest block    Delta
        BANK0            00069-0006F               7           1
        BANK1            000A0-000EF              50           1
        BANK2            00120-0016F              50           1
        BIGRAM           02000-020EF              F0           1
        CODE             00002-00003               2           2
                         00616-00FFF             1EA
        COMMON           0007C-0007D               2           1
        CONST            00002-00003               2           2
                         00616-00FFF             100
        EEDATA           0F000-0F0FF             100           2
        ENTRY            00002-00003               2           2
                         00616-00FFF             100
        IDLOC            08000-08003               4           2
        RAM              00069-0006F               7           1
                         000A0-000EF              50
                         00120-0016F              50
        SFR0             00000-0001F              20           1
        SFR1             00080-0009F              20           1
        SFR10            00500-0056F              70           1
        SFR11            00580-005EF              70           1
        SFR12            00600-0066F              70           1
        SFR13            00680-006EF              70           1
        SFR14            00700-0076F              70           1
        SFR15            00780-007EF              70           1
        SFR16            00800-0086F              70           1
        SFR17            00880-008EF              70           1
        SFR18            00900-0096F              70           1
        SFR19            00980-009EF              70           1
        SFR2             00100-0011F              20           1
        SFR20            00A00-00A6F              70           1
        SFR21            00A80-00AEF              70           1
        SFR22            00B00-00B6F              70           1
        SFR23            00B80-00BEF              70           1
        SFR24            00C00-00C6F              70           1
        SFR25            00C80-00CEF              70           1
        SFR26            00D00-00D6F              70           1
        SFR27            00D80-00DEF              70           1
        SFR28            00E00-00E6F              70           1
        SFR29            00E80-00EEF              70           1
        SFR3             00180-001EF              70           1
        SFR30            00F00-00F6F              70           1
        SFR31            00F80-00FEF              70           1
        SFR4             00200-0026F              70           1
        SFR5             00280-002EF              70           1
        SFR6             00300-0036F              70           1
        SFR7             00380-003EF              70           1
        SFR8             00400-0046F              70           1
        SFR9             00480-004EF              70           1
        STACK            02049-020EF              A7           1
        STRCODE          00002-00003               2           2
                         00616-00FFF             9EA
        STRING           00002-00003               2           2
                         00616-00FFF             100

                                  Symbol Table

?___altoft                  cstackBANK0  00020
?___ftmul                   cstackBANK0  00028
?___ftpack                  cstackCOMMON 00072
?___fttol                   cstackBANK0  00038
?___lldiv                   cstackCOMMON 00072
?___llmod                   cstackBANK0  00025
?_printf                    cstackBANK0  0002F
_ADCON0                     (abs)        0009D
_ADCON0bits                 (abs)        0009D
_ADCON1                     (abs)        0009E
_ADRESH                     (abs)        0009C
_ADRESL                     (abs)        0009B
_ANSELA                     (abs)        0018C
_APFCON                     (abs)        0011D
_CCP1CON                    (abs)        00293
_CCPR1L                     (abs)        00291
_CKP                        (abs)        010AC
_GIE                        (abs)        0005F
_OSCCON                     (abs)        00099
_OSCTUNE                    (abs)        00098
_PEIE                       (abs)        0005E
_PIR1                       (abs)        00011
_PR2                        (abs)        0001B
_RCIE                       (abs)        0048D
_RCIF                       (abs)        0008D
_RCREG                      (abs)        00199
_RCSTA                      (abs)        0019D
_REC_int                    intentry     00004
_RXDTSEL                    (abs)        008EF
_SEN                        (abs)        010B0
_SPBRGH                     (abs)        0019C
_SPBRGL                     (abs)        0019B
_SPEN                       (abs)        00CEF
_SSP1ADD                    (abs)        00212
_SSP1BUF                    (abs)        00211
_SSP1IF                     (abs)        0008B
_SSPEN                      (abs)        010AD
_SSPM0                      (abs)        010A8
_SSPM1                      (abs)        010A9
_SSPM2                      (abs)        010AA
_SSPM3                      (abs)        010AB
_SYNC                       (abs)        00CF4
_T2CON                      (abs)        0001C
_TRISA                      (abs)        0008C
_TRISA1                     (abs)        00461
_TRISA2                     (abs)        00462
_TRISA4                     (abs)        00464
_TRISA5                     (abs)        00465
_TXCKSEL                    (abs)        008EA
_TXEN                       (abs)        00CF5
_TXIF                       (abs)        0008C
_TXREG                      (abs)        0019A
__CFG_BOREN$OFF             (abs)        00000
__CFG_CLKOUTEN$OFF          (abs)        00000
__CFG_CP$OFF                (abs)        00000
__CFG_CPD$OFF               (abs)        00000
__CFG_FCMEN$OFF             (abs)        00000
__CFG_FOSC$INTOSC           (abs)        00000
__CFG_IESO$OFF              (abs)        00000
__CFG_LVP$OFF               (abs)        00000
__CFG_MCLRE$ON              (abs)        00000
__CFG_PLLEN$ON              (abs)        00000
__CFG_PWRTE$OFF             (abs)        00000
__CFG_WDTE$OFF              (abs)        00000
__Habs1                     abs1         00000
__Hbank0                    bank0        00000
__Hbank1                    bank1        00000
__Hbank10                   bank10       00000
__Hbank11                   bank11       00000
__Hbank12                   bank12       00000
__Hbank13                   bank13       00000
__Hbank14                   bank14       00000
__Hbank15                   bank15       00000
__Hbank16                   bank16       00000
__Hbank17                   bank17       00000
__Hbank18                   bank18       00000
__Hbank19                   bank19       00000
__Hbank2                    bank2        00000
__Hbank20                   bank20       00000
__Hbank21                   bank21       00000
__Hbank22                   bank22       00000
__Hbank23                   bank23       00000
__Hbank24                   bank24       00000
__Hbank25                   bank25       00000
__Hbank26                   bank26       00000
__Hbank27                   bank27       00000
__Hbank28                   bank28       00000
__Hbank29                   bank29       00000
__Hbank3                    bank3        00000
__Hbank30                   bank30       00000
__Hbank31                   bank31       00000
__Hbank4                    bank4        00000
__Hbank5                    bank5        00000
__Hbank6                    bank6        00000
__Hbank7                    bank7        00000
__Hbank8                    bank8        00000
__Hbank9                    bank9        00000
__Hbigram                   bigram       00000
__HbssBANK0                 bssBANK0     00000
__HbssCOMMON                bssCOMMON    00000
__Hcinit                    cinit        00041
__Hclrtext                  clrtext      00000
__Hcode                     code         00000
__Hcommon                   common       00000
__Hconfig                   config       08009
__HcstackBANK0              cstackBANK0  00000
__HcstackCOMMON             cstackCOMMON 00000
__Heeprom_data              eeprom_data  00000
__Hend_init                 end_init     00035
__Hfunctab                  functab      00000
__Hidloc                    idloc        00000
__Hinit                     init         00033
__Hintentry                 intentry     00033
__Hmaintext                 maintext     00000
__Hpowerup                  powerup      00000
__Hram                      ram          00000
__Hreset_vec                reset_vec    00002
__Hsfr0                     sfr0         00000
__Hsfr1                     sfr1         00000
__Hsfr10                    sfr10        00000
__Hsfr11                    sfr11        00000
__Hsfr12                    sfr12        00000
__Hsfr13                    sfr13        00000
__Hsfr14                    sfr14        00000
__Hsfr15                    sfr15        00000
__Hsfr16                    sfr16        00000
__Hsfr17                    sfr17        00000
__Hsfr18                    sfr18        00000
__Hsfr19                    sfr19        00000
__Hsfr2                     sfr2         00000
__Hsfr20                    sfr20        00000
__Hsfr21                    sfr21        00000
__Hsfr22                    sfr22        00000
__Hsfr23                    sfr23        00000
__Hsfr24                    sfr24        00000
__Hsfr25                    sfr25        00000
__Hsfr26                    sfr26        00000
__Hsfr27                    sfr27        00000
__Hsfr28                    sfr28        00000
__Hsfr29                    sfr29        00000
__Hsfr3                     sfr3         00000
__Hsfr30                    sfr30        00000
__Hsfr31                    sfr31        00000
__Hsfr4                     sfr4         00000
__Hsfr5                     sfr5         00000
__Hsfr6                     sfr6         00000
__Hsfr7                     sfr7         00000
__Hsfr8                     sfr8         00000
__Hsfr9                     sfr9         00000
__Hspace_0                  (abs)        08009
__Hspace_1                  (abs)        0007C
__Hspace_2                  (abs)        00000
__Hspace_3                  (abs)        00000
__Hstack                    stack        00000
__Hstrings                  strings      00000
__Hstringtext               stringtext   00000
__Htext                     text         00000
__Labs1                     abs1         00000
__Lbank0                    bank0        00000
__Lbank1                    bank1        00000
__Lbank10                   bank10       00000
__Lbank11                   bank11       00000
__Lbank12                   bank12       00000
__Lbank13                   bank13       00000
__Lbank14                   bank14       00000
__Lbank15                   bank15       00000
__Lbank16                   bank16       00000
__Lbank17                   bank17       00000
__Lbank18                   bank18       00000
__Lbank19                   bank19       00000
__Lbank2                    bank2        00000
__Lbank20                   bank20       00000
__Lbank21                   bank21       00000
__Lbank22                   bank22       00000
__Lbank23                   bank23       00000
__Lbank24                   bank24       00000
__Lbank25                   bank25       00000
__Lbank26                   bank26       00000
__Lbank27                   bank27       00000
__Lbank28                   bank28       00000
__Lbank29                   bank29       00000
__Lbank3                    bank3        00000
__Lbank30                   bank30       00000
__Lbank31                   bank31       00000
__Lbank4                    bank4        00000
__Lbank5                    bank5        00000
__Lbank6                    bank6        00000
__Lbank7                    bank7        00000
__Lbank8                    bank8        00000
__Lbank9                    bank9        00000
__Lbigram                   bigram       00000
__LbssBANK0                 bssBANK0     00000
__LbssCOMMON                bssCOMMON    00000
__Lcinit                    cinit        00035
__Lclrtext                  clrtext      00000
__Lcode                     code         00000
__Lcommon                   common       00000
__Lconfig                   config       08007
__LcstackBANK0              cstackBANK0  00000
__LcstackCOMMON             cstackCOMMON 00000
__Leeprom_data              eeprom_data  00000
__Lend_init                 end_init     00033
__Lfunctab                  functab      00000
__Lidloc                    idloc        00000
__Linit                     init         00033
__Lintentry                 intentry     00004
__Lmaintext                 maintext     00000
__Lpowerup                  powerup      00000
__Lram                      ram          00000
__Lreset_vec                reset_vec    00000
__Lsfr0                     sfr0         00000
__Lsfr1                     sfr1         00000
__Lsfr10                    sfr10        00000
__Lsfr11                    sfr11        00000
__Lsfr12                    sfr12        00000
__Lsfr13                    sfr13        00000
__Lsfr14                    sfr14        00000
__Lsfr15                    sfr15        00000
__Lsfr16                    sfr16        00000
__Lsfr17                    sfr17        00000
__Lsfr18                    sfr18        00000
__Lsfr19                    sfr19        00000
__Lsfr2                     sfr2         00000
__Lsfr20                    sfr20        00000
__Lsfr21                    sfr21        00000
__Lsfr22                    sfr22        00000
__Lsfr23                    sfr23        00000
__Lsfr24                    sfr24        00000
__Lsfr25                    sfr25        00000
__Lsfr26                    sfr26        00000
__Lsfr27                    sfr27        00000
__Lsfr28                    sfr28        00000
__Lsfr29                    sfr29        00000
__Lsfr3                     sfr3         00000
__Lsfr30                    sfr30        00000
__Lsfr31                    sfr31        00000
__Lsfr4                     sfr4         00000
__Lsfr5                     sfr5         00000
__Lsfr6                     sfr6         00000
__Lsfr7                     sfr7         00000
__Lsfr8                     sfr8         00000
__Lsfr9                     sfr9         00000
__Lspace_0                  (abs)        00000
__Lspace_1                  (abs)        00000
__Lspace_2                  (abs)        00000
__Lspace_3                  (abs)        00000
__Lstack                    stack        00000
__Lstrings                  strings      00000
__Lstringtext               stringtext   00000
__Ltext                     text         00000
__S0                        (abs)        08009
__S1                        (abs)        0007C
__S2                        (abs)        00000
__S3                        (abs)        00000
___altoft                   text9        00593
___altoft@c                 cstackBANK0  00020
___altoft@exp               cstackBANK0  00026
___altoft@sign              cstackBANK0  00027
___ftmul                    text8        00227
___ftmul@cntr               cstackBANK0  00036
___ftmul@exp                cstackBANK0  00032
___ftmul@f1                 cstackBANK0  00028
___ftmul@f2                 cstackBANK0  0002B
___ftmul@f3_as_product      cstackBANK0  00033
___ftmul@sign               cstackBANK0  00037
___ftpack                   text10       00450
___ftpack@arg               cstackCOMMON 00072
___ftpack@exp               cstackCOMMON 00075
___ftpack@sign              cstackCOMMON 00076
___fttol                    text7        00362
___fttol@exp1               cstackBANK0  00045
___fttol@f1                 cstackBANK0  00038
___fttol@lval               cstackBANK0  00041
___fttol@sign1              cstackBANK0  00040
___int_sp                   stack        00000
___latbits                  (abs)        00001
___lldiv                    text6        004B4
___lldiv@counter            cstackBANK0  00024
___lldiv@dividend           cstackCOMMON 00076
___lldiv@divisor            cstackCOMMON 00072
___lldiv@quotient           cstackBANK0  00020
___llmod                    text5        00550
___llmod@counter            cstackBANK0  0002E
___llmod@dividend           cstackBANK0  00029
___llmod@divisor            cstackBANK0  00025
___sp                       stack        00000
__end_of_REC_int            intentry     00033
__end_of___altoft           text9        005D0
__end_of___ftmul            text8        002DB
__end_of___ftpack           text10       004B4
__end_of___fttol            text7        003E9
__end_of___lldiv            text6        00507
__end_of___llmod            text5        00593
__end_of__initialization    cinit        0003D
__end_of_dpowers            stringtext   00303
__end_of_getche             text12       00616
__end_of_init_pic12f1840    text11       00450
__end_of_main               maintext     00550
__end_of_printf             text3        00154
__end_of_putch              text4        0060E
__end_of_read_ADC0          text1        00227
__end_of_update_duty_cycle  text2        00606
__initialization            cinit        00035
__pbssBANK0                 bssBANK0     00057
__pbssCOMMON                bssCOMMON    0007B
__pcstackBANK0              cstackBANK0  00020
__pcstackCOMMON             cstackCOMMON 00070
__pintentry                 intentry     00004
__pmaintext                 maintext     00507
__pstringtext               stringtext   002DB
__ptext1                    text1        00154
__ptext10                   text10       00450
__ptext11                   text11       003E9
__ptext12                   text12       00614
__ptext2                    text2        005D0
__ptext3                    text3        00041
__ptext4                    text4        00606
__ptext5                    text5        00550
__ptext6                    text6        004B4
__ptext7                    text7        00362
__ptext8                    text8        00227
__ptext9                    text9        00593
__size_of_REC_int           (abs)        00000
__size_of___altoft          (abs)        00000
__size_of___ftmul           (abs)        00000
__size_of___ftpack          (abs)        00000
__size_of___fttol           (abs)        00000
__size_of___lldiv           (abs)        00000
__size_of___llmod           (abs)        00000
__size_of_getche            (abs)        00000
__size_of_init_pic12f1840   (abs)        00000
__size_of_main              (abs)        00000
__size_of_printf            (abs)        00000
__size_of_putch             (abs)        00000
__size_of_read_ADC0         (abs)        00000
__size_of_update_duty_cycle (abs)        00000
_dpowers                    stringtext   002DB
_error                      bssCOMMON    0007B
_getche                     text12       00614
_got_serial_string          bssBANK0     00065
_init_pic12f1840            text11       003E9
_main                       maintext     00507
_printf                     text3        00041
_putch                      text4        00606
_rcv_char_index             bssBANK0     00067
_rcv_str                    bssBANK0     00057
_read_ADC0                  text1        00154
_recieve_char               bssBANK0     00068
_update_duty_cycle          text2        005D0
btemp                       (abs)        0007E
clear_ram0                  clrtext      0060E
end_of_initialization       cinit        0003D
init_pic12f1840@f           cstackCOMMON 00073
int$flags                   (abs)        0007E
intlevel0                   functab      00000
intlevel1                   functab      00000
intlevel2                   functab      00000
intlevel3                   functab      00000
intlevel4                   functab      00000
intlevel5                   functab      00000
ltemp                       (abs)        0007E
ltemp0                      (abs)        0007E
ltemp1                      (abs)        00082
ltemp2                      (abs)        00086
ltemp3                      (abs)        00080
main@address                cstackBANK0  00056
main@command                cstackBANK0  00055
printf@ap                   cstackBANK0  00040
printf@c                    cstackBANK0  00045
printf@f                    cstackBANK0  0002F
printf@flag                 cstackBANK0  0003F
printf@prec                 cstackBANK0  0003D
printf@val                  cstackBANK0  00041
putch@data                  cstackCOMMON 00072
read_ADC0@DoubleWord        cstackBANK0  0004F
read_ADC0@duty_cycle        cstackBANK0  00051
read_ADC0@high_count        cstackBANK0  0004B
read_ADC0@i                 cstackBANK0  00047
reset_vec                   reset_vec    00000
stackhi                     (abs)        020EF
stacklo                     (abs)        02049
start                       init         00033
start_initialization        cinit        00035
ttemp                       (abs)        0007E
ttemp0                      (abs)        0007E
ttemp1                      (abs)        00081
ttemp2                      (abs)        00084
ttemp3                      (abs)        00087
ttemp4                      (abs)        0007F
update_duty_cycle@duty      cstackCOMMON 00072
update_duty_cycle@temp      cstackCOMMON 00076
wtemp                       (abs)        0007E
wtemp0                      (abs)        0007E
wtemp1                      (abs)        00080
wtemp2                      (abs)        00082
wtemp3                      (abs)        00084
wtemp4                      (abs)        00086
wtemp5                      (abs)        00088
wtemp6                      (abs)        0007F


FUNCTION INFORMATION:

 *************** function _main *****************
 Defined at:
		line 166 in file "main.c"
 Parameters:    Size  Location     Type
		None
 Auto vars:     Size  Location     Type
  a               4    0        long 
  i               2    0        int 
  count           2    0        int 
  address         1   54[BANK0 ] unsigned char 
  command         1   53[BANK0 ] unsigned char 
 Return value:  Size  Location     Type
                  1    wreg      void 
 Registers used:
		wreg, fsr0l, fsr0h, fsr1l, fsr1h, status,2, status,0, pclath, cstack
 Tracked objects:
		On entry : 
		On exit  : 
		Unchanged: 
 Data sizes:     COMMON   BANK0   BANK1   BANK2
      Params:         0       0       0       0
      Locals:         0       2       0       0
      Temps:          0       2       0       0
      Totals:         0       4       0       0
Total ram usage:        4 bytes
 Hardware stack levels required when called:    4
 This function calls:
		_getche
		_init_pic12f1840
		_printf
		_read_ADC0
		_update_duty_cycle
 This function is called by:
		Startup code after reset
 This function uses a non-reentrant model


 *************** function _read_ADC0 *****************
 Defined at:
		line 227 in file "main.c"
 Parameters:    Size  Location     Type
		None
 Auto vars:     Size  Location     Type
  high_count      4   43[BANK0 ] long 
  i               4   39[BANK0 ] long 
  duty_cycle      2   49[BANK0 ] unsigned int 
  DoubleWord      2   47[BANK0 ] struct .
 Return value:  Size  Location     Type
                  1    wreg      void 
 Registers used:
		wreg, fsr0l, fsr0h, fsr1l, fsr1h, status,2, status,0, pclath, cstack
 Tracked objects:
		On entry : 
		On exit  : 
		Unchanged: 
 Data sizes:     COMMON   BANK0   BANK1   BANK2
      Params:         0       0       0       0
      Locals:         0      12       0       0
      Temps:          0       1       0       0
      Totals:         0      13       0       0
Total ram usage:       13 bytes
 Hardware stack levels used:    1
 Hardware stack levels required when called:    3
 This function calls:
		___altoft
		___ftmul
		___fttol
		_printf
		_update_duty_cycle
 This function is called by:
		_main
 This function uses a non-reentrant model


 *************** function _update_duty_cycle *****************
 Defined at:
		line 151 in file "main.c"
 Parameters:    Size  Location     Type
  duty            2    2[COMMON] unsigned int 
 Auto vars:     Size  Location     Type
  temp            2    6[COMMON] unsigned int 
 Return value:  Size  Location     Type
                  1    wreg      void 
 Registers used:
		wreg, status,2, status,0
 Tracked objects:
		On entry : 
		On exit  : 
		Unchanged: 
 Data sizes:     COMMON   BANK0   BANK1   BANK2
      Params:         2       0       0       0
      Locals:         2       0       0       0
      Temps:          2       0       0       0
      Totals:         6       0       0       0
Total ram usage:        6 bytes
 Hardware stack levels used:    1
 Hardware stack levels required when called:    1
 This function calls:
		Nothing
 This function is called by:
		_main
		_read_ADC0
 This function uses a non-reentrant model


 *************** function _printf *****************
 Defined at:
		line 464 in file "C:\Program Files (x86)\Microchip\xc8\v1.37\sources\common\doprnt.c"
 Parameters:    Size  Location     Type
  f               2   15[BANK0 ] PTR const unsigned char 
		 -> STR_4(32), STR_3(24), STR_2(14), STR_1(25), 
 Auto vars:     Size  Location     Type
  val             4   33[BANK0 ] unsigned long 
  tmpval          4    0        struct .
  prec            2   29[BANK0 ] int 
  cp              2    0        PTR const unsigned char 
  len             2    0        unsigned int 
  c               1   37[BANK0 ] char 
  ap              1   32[BANK0 ] PTR void [1]
		 -> ?_printf(2), 
  flag            1   31[BANK0 ] unsigned char 
 Return value:  Size  Location     Type
                  2   15[BANK0 ] int 
 Registers used:
		wreg, fsr0l, fsr0h, fsr1l, fsr1h, status,2, status,0, pclath, cstack
 Tracked objects:
		On entry : 
		On exit  : 
		Unchanged: 
 Data sizes:     COMMON   BANK0   BANK1   BANK2
      Params:         0       8       0       0
      Locals:         0       9       0       0
      Temps:          0       6       0       0
      Totals:         0      23       0       0
Total ram usage:       23 bytes
 Hardware stack levels used:    1
 Hardware stack levels required when called:    2
 This function calls:
		___lldiv
		___llmod
		_putch
 This function is called by:
		_main
		_read_ADC0
 This function uses a non-reentrant model


 *************** function _putch *****************
 Defined at:
		line 3 in file "putc.c"
 Parameters:    Size  Location     Type
  data            1    wreg     unsigned char 
 Auto vars:     Size  Location     Type
  data            1    2[COMMON] unsigned char 
 Return value:  Size  Location     Type
                  1    wreg      void 
 Registers used:
		wreg
 Tracked objects:
		On entry : 
		On exit  : 
		Unchanged: 
 Data sizes:     COMMON   BANK0   BANK1   BANK2
      Params:         0       0       0       0
      Locals:         1       0       0       0
      Temps:          0       0       0       0
      Totals:         1       0       0       0
Total ram usage:        1 bytes
 Hardware stack levels used:    1
 Hardware stack levels required when called:    1
 This function calls:
		Nothing
 This function is called by:
		_printf
 This function uses a non-reentrant model


 *************** function ___llmod *****************
 Defined at:
		line 6 in file "C:\Program Files (x86)\Microchip\xc8\v1.37\sources\common\llmod.c"
 Parameters:    Size  Location     Type
  divisor         4    5[BANK0 ] unsigned long 
  dividend        4    9[BANK0 ] unsigned long 
 Auto vars:     Size  Location     Type
  counter         1   14[BANK0 ] unsigned char 
 Return value:  Size  Location     Type
                  4    5[BANK0 ] unsigned long 
 Registers used:
		wreg, status,2, status,0
 Tracked objects:
		On entry : 
		On exit  : 
		Unchanged: 
 Data sizes:     COMMON   BANK0   BANK1   BANK2
      Params:         0       8       0       0
      Locals:         0       1       0       0
      Temps:          0       1       0       0
      Totals:         0      10       0       0
Total ram usage:       10 bytes
 Hardware stack levels used:    1
 Hardware stack levels required when called:    1
 This function calls:
		Nothing
 This function is called by:
		_printf
 This function uses a non-reentrant model


 *************** function ___lldiv *****************
 Defined at:
		line 6 in file "C:\Program Files (x86)\Microchip\xc8\v1.37\sources\common\lldiv.c"
 Parameters:    Size  Location     Type
  divisor         4    2[COMMON] unsigned long 
  dividend        4    6[COMMON] unsigned long 
 Auto vars:     Size  Location     Type
  quotient        4    0[BANK0 ] unsigned long 
  counter         1    4[BANK0 ] unsigned char 
 Return value:  Size  Location     Type
                  4    2[COMMON] unsigned long 
 Registers used:
		wreg, status,2, status,0
 Tracked objects:
		On entry : 
		On exit  : 
		Unchanged: 
 Data sizes:     COMMON   BANK0   BANK1   BANK2
      Params:         8       0       0       0
      Locals:         0       5       0       0
      Temps:          1       0       0       0
      Totals:         9       5       0       0
Total ram usage:       14 bytes
 Hardware stack levels used:    1
 Hardware stack levels required when called:    1
 This function calls:
		Nothing
 This function is called by:
		_printf
 This function uses a non-reentrant model


 *************** function ___fttol *****************
 Defined at:
		line 44 in file "C:\Program Files (x86)\Microchip\xc8\v1.37\sources\common\fttol.c"
 Parameters:    Size  Location     Type
  f1              3   24[BANK0 ] float 
 Auto vars:     Size  Location     Type
  lval            4   33[BANK0 ] unsigned long 
  exp1            1   37[BANK0 ] unsigned char 
  sign1           1   32[BANK0 ] unsigned char 
 Return value:  Size  Location     Type
                  4   24[BANK0 ] long 
 Registers used:
		wreg, status,2, status,0
 Tracked objects:
		On entry : 
		On exit  : 
		Unchanged: 
 Data sizes:     COMMON   BANK0   BANK1   BANK2
      Params:         0       4       0       0
      Locals:         0       6       0       0
      Temps:          0       4       0       0
      Totals:         0      14       0       0
Total ram usage:       14 bytes
 Hardware stack levels used:    1
 Hardware stack levels required when called:    1
 This function calls:
		Nothing
 This function is called by:
		_read_ADC0
 This function uses a non-reentrant model


 *************** function ___ftmul *****************
 Defined at:
		line 62 in file "C:\Program Files (x86)\Microchip\xc8\v1.37\sources\common\ftmul.c"
 Parameters:    Size  Location     Type
  f1              3    8[BANK0 ] float 
  f2              3   11[BANK0 ] float 
 Auto vars:     Size  Location     Type
  f3_as_produc    3   19[BANK0 ] unsigned um
  sign            1   23[BANK0 ] unsigned char 
  cntr            1   22[BANK0 ] unsigned char 
  exp             1   18[BANK0 ] unsigned char 
 Return value:  Size  Location     Type
                  3    8[BANK0 ] float 
 Registers used:
		wreg, status,2, status,0, pclath, cstack
 Tracked objects:
		On entry : 
		On exit  : 
		Unchanged: 
 Data sizes:     COMMON   BANK0   BANK1   BANK2
      Params:         0       6       0       0
      Locals:         0       6       0       0
      Temps:          0       4       0       0
      Totals:         0      16       0       0
Total ram usage:       16 bytes
 Hardware stack levels used:    1
 Hardware stack levels required when called:    2
 This function calls:
		___ftpack
 This function is called by:
		_read_ADC0
 This function uses a non-reentrant model


 *************** function ___altoft *****************
 Defined at:
		line 42 in file "C:\Program Files (x86)\Microchip\xc8\v1.37\sources\common\altoft.c"
 Parameters:    Size  Location     Type
  c               4    0[BANK0 ] long 
 Auto vars:     Size  Location     Type
  sign            1    7[BANK0 ] unsigned char 
  exp             1    6[BANK0 ] unsigned char 
 Return value:  Size  Location     Type
                  3    0[BANK0 ] float 
 Registers used:
		wreg, status,2, status,0, pclath, cstack
 Tracked objects:
		On entry : 
		On exit  : 
		Unchanged: 
 Data sizes:     COMMON   BANK0   BANK1   BANK2
      Params:         0       4       0       0
      Locals:         0       2       0       0
      Temps:          0       2       0       0
      Totals:         0       8       0       0
Total ram usage:        8 bytes
 Hardware stack levels used:    1
 Hardware stack levels required when called:    2
 This function calls:
		___ftpack
 This function is called by:
		_read_ADC0
 This function uses a non-reentrant model


 *************** function ___ftpack *****************
 Defined at:
		line 62 in file "C:\Program Files (x86)\Microchip\xc8\v1.37\sources\common\float.c"
 Parameters:    Size  Location     Type
  arg             3    2[COMMON] unsigned um
  exp             1    5[COMMON] unsigned char 
  sign            1    6[COMMON] unsigned char 
 Auto vars:     Size  Location     Type
		None
 Return value:  Size  Location     Type
                  3    2[COMMON] float 
 Registers used:
		wreg, status,2, status,0
 Tracked objects:
		On entry : 
		On exit  : 
		Unchanged: 
 Data sizes:     COMMON   BANK0   BANK1   BANK2
      Params:         5       0       0       0
      Locals:         0       0       0       0
      Temps:          3       0       0       0
      Totals:         8       0       0       0
Total ram usage:        8 bytes
 Hardware stack levels used:    1
 Hardware stack levels required when called:    1
 This function calls:
		Nothing
 This function is called by:
		___altoft
		___ftmul
 This function uses a non-reentrant model


 *************** function _init_pic12f1840 *****************
 Defined at:
		line 65 in file "main.c"
 Parameters:    Size  Location     Type
		None
 Auto vars:     Size  Location     Type
  f               4    3[COMMON] long 
  i               2    0        int 
  data            1    0        unsigned char 
 Return value:  Size  Location     Type
                  1    wreg      void 
 Registers used:
		wreg, status,2, status,0
 Tracked objects:
		On entry : 
		On exit  : 
		Unchanged: 
 Data sizes:     COMMON   BANK0   BANK1   BANK2
      Params:         0       0       0       0
      Locals:         4       0       0       0
      Temps:          1       0       0       0
      Totals:         5       0       0       0
Total ram usage:        5 bytes
 Hardware stack levels used:    1
 Hardware stack levels required when called:    1
 This function calls:
		Nothing
 This function is called by:
		_main
 This function uses a non-reentrant model


 *************** function _getche *****************
 Defined at:
		line 7 in file "C:\Program Files (x86)\Microchip\xc8\v1.37\sources\common\getche.c"
 Parameters:    Size  Location     Type
		None
 Auto vars:     Size  Location     Type
		None
 Return value:  Size  Location     Type
                  1    wreg      unsigned char 
 Registers used:
		wreg
 Tracked objects:
		On entry : 
		On exit  : 
		Unchanged: 
 Data sizes:     COMMON   BANK0   BANK1   BANK2
      Params:         0       0       0       0
      Locals:         0       0       0       0
      Temps:          0       0       0       0
      Totals:         0       0       0       0
Total ram usage:        0 bytes
 Hardware stack levels used:    1
 Hardware stack levels required when called:    1
 This function calls:
		Nothing
 This function is called by:
		_main
 This function uses a non-reentrant model


 *************** function _REC_int *****************
 Defined at:
		line 39 in file "main.c"
 Parameters:    Size  Location     Type
		None
 Auto vars:     Size  Location     Type
		None
 Return value:  Size  Location     Type
                  1    wreg      void 
 Registers used:
		wreg, fsr1l, fsr1h, status,2, status,0
 Tracked objects:
		On entry : 
		On exit  : 
		Unchanged: 
 Data sizes:     COMMON   BANK0   BANK1   BANK2
      Params:         0       0       0       0
      Locals:         0       0       0       0
      Temps:          2       0       0       0
      Totals:         2       0       0       0
Total ram usage:        2 bytes
 Hardware stack levels used:    1
 This function calls:
		Nothing
 This function is called by:
		Interrupt level 1
 This function uses a non-reentrant model



MODULE INFORMATION

Module		Function		Class		Link	Load	Size
C:\Program Files (x86)\Microchip\xc8\v1.37\sources\common\altoft.c
		___altoft      		CODE           	0593	0000	62

C:\Program Files (x86)\Microchip\xc8\v1.37\sources\common\altoft.c estimated size: 62

putc.c
		_putch         		CODE           	0606	0000	9

putc.c estimated size: 9

C:\Program Files (x86)\Microchip\xc8\v1.37\sources\common\llmod.c
		___llmod       		CODE           	0550	0000	68

C:\Program Files (x86)\Microchip\xc8\v1.37\sources\common\llmod.c estimated size: 68

C:\Program Files (x86)\Microchip\xc8\v1.37\sources\common\doprnt.c
		_printf        		CODE           	0041	0000	276

C:\Program Files (x86)\Microchip\xc8\v1.37\sources\common\doprnt.c estimated size: 276

C:\Program Files (x86)\Microchip\xc8\v1.37\sources\common\fttol.c
		___fttol       		CODE           	0362	0000	136

C:\Program Files (x86)\Microchip\xc8\v1.37\sources\common\fttol.c estimated size: 136

C:\Program Files (x86)\Microchip\xc8\v1.37\sources\common\lldiv.c
		___lldiv       		CODE           	04B4	0000	84

C:\Program Files (x86)\Microchip\xc8\v1.37\sources\common\lldiv.c estimated size: 84

C:\Program Files (x86)\Microchip\xc8\v1.37\sources\common\getche.c
		_getche        		CODE           	0614	0000	3

C:\Program Files (x86)\Microchip\xc8\v1.37\sources\common\getche.c estimated size: 3

shared
		_dpowers       		STRCODE        	02DB	0000	41
		__initialization		CODE           	0035	0000	9

shared estimated size: 50

C:\Program Files (x86)\Microchip\xc8\v1.37\sources\common\float.c
		___ftpack      		CODE           	0450	0000	101

C:\Program Files (x86)\Microchip\xc8\v1.37\sources\common\float.c estimated size: 101

main.c
		_REC_int       		CODE           	0004	0000	48
		_main          		CODE           	0507	0000	74
		_init_pic12f1840		CODE           	03E9	0000	104
		_update_duty_cycle		CODE           	05D0	0000	55
		_read_ADC0     		CODE           	0154	0000	212

main.c estimated size: 493

C:\Program Files (x86)\Microchip\xc8\v1.37\sources\common\ftmul.c
		___ftmul       		CODE           	0227	0000	181

C:\Program Files (x86)\Microchip\xc8\v1.37\sources\common\ftmul.c estimated size: 181

